EB      SA      Source       Frequency    I       eI     Q      eQ      U      eU      V      eV       p      ep       EVPA      eEVPA
uid://A002/X13e0d4e/X151d2 Full J1512-0905   97.5        0.7238  0.0007  +0.0347  0.0024  +0.0188  0.0009  -0.0001  0.0001    5.4502  0.3005   +14.1994  1.0298 
uid://A002/X13e0d4e/X151d2 Full J1517-2422   97.5        1.6153  0.0010  +0.0308  0.0058  -0.0030  0.0002  -0.0024  0.0001    1.9170  0.3573    -2.7957  0.5569 
uid://A002/X13e0d4e/X151d2 Full J1700-2610   97.5        0.5156  0.0012  +0.0289  0.0019  +0.0008  0.0009  -0.0006  0.0002    5.6159  0.3705    +0.8186  0.8481 
uid://A002/X13e0d4e/X151d2 Full J1723-7713   97.5        0.2687  0.0002  -0.0045  0.0009  +0.0031  0.0005  +0.0002  0.0001    2.0247  0.2981   +72.6340  3.5516 
uid://A002/X13e0d4e/X151d2 Full J1733-1304   97.5        1.3688  0.0041  +0.0071  0.0038  +0.0403  0.0035  -0.0015  0.0005    2.9926  0.2571   +40.0271  2.6425 
uid://A002/X13e0d4e/X151d2 Full J1751+0939   97.5        3.7733  0.0054  +0.0044  0.0050  -0.0919  0.0127  -0.0044  0.0005    2.4375  0.3361   -43.6179  1.5587 
uid://A002/X13e0d4e/X151d2 Full J1809-4552   97.5        1.0841  0.0023  -0.0023  0.0036  -0.0071  0.0015  -0.0004  0.0002    0.6927  0.1666   -54.0877  13.0156 
uid://A002/X13e0d4e/X151d2 Full J1837-7108   97.5        0.7703  0.0011  -0.0021  0.0029  -0.0217  0.0007  -0.0012  0.0003    2.8319  0.0954   -47.7622  3.7448 
uid://A002/X13e0d4e/X151d2 Full J1851+0035   97.5        0.3066  0.0010  +0.0098  0.0011  -0.0096  0.0005  -0.0003  0.0002    4.4863  0.2782   -22.2505  1.7524 
uid://A002/X13e0d4e/X151d2 Full J1924-2914   97.5        3.5450  0.0183  +0.0041  0.0087  -0.0738  0.0094  -0.0031  0.0004    2.0853  0.2651   -43.4166  3.3665 
uid://A002/X13e0d4e/X151d2 Full J2000-1748   97.5        1.5724  0.0049  +0.0488  0.0031  -0.0559  0.0050  -0.0025  0.0003    4.7203  0.2728   -24.4449  1.5580 
uid://A002/X13e0d4e/X151d2 Full J2101+0341   97.5        0.9639  0.0014  -0.0367  0.0008  -0.0312  0.0033  +0.0014  0.0003    4.9974  0.2319   -69.8050  1.5356 
uid://A002/X13e0d4e/X151d2 Full J2148+0657   97.5        1.7223  0.0014  -0.0411  0.0004  -0.0238  0.0065  -0.0007  0.0004    2.7555  0.1912   -74.9757  3.4202 
uid://A002/X13e0d4e/X151d2 CM J1512-0905   97.5        0.6729  0.0019  +0.0174  0.0021  +0.0113  0.0027  -0.0021  0.0016    3.0746  0.3437   +16.5025  3.4998 
uid://A002/X13e0d4e/X151d2 CM J1517-2422   97.5        1.5021  0.0044  -0.0071  0.0061  -0.0033  0.0012  -0.0052  0.0011    0.5204  0.3710   -77.7095  10.1022 
uid://A002/X13e0d4e/X151d2 CM J1700-2610   97.5        0.4818  0.0025  +0.0150  0.0019  +0.0044  0.0015  -0.0033  0.0013    3.2522  0.3963    +8.2362  2.7602 
uid://A002/X13e0d4e/X151d2 CM J1723-7713   97.5        0.2527  0.0015  +0.0015  0.0010  +0.0049  0.0011  +0.0007  0.0007    2.0254  0.4308   +36.3538  5.7292 
uid://A002/X13e0d4e/X151d2 CM J1733-1304   97.5        1.2828  0.0055  -0.0173  0.0036  +0.0142  0.0039  -0.0094  0.0014    1.7410  0.2868   +70.3277  4.7942 
uid://A002/X13e0d4e/X151d2 CM J1751+0939   97.5        3.5408  0.0093  +0.0409  0.0062  -0.1625  0.0134  -0.0146  0.0008    4.7311  0.3696   -37.9430  1.1671 
uid://A002/X13e0d4e/X151d2 CM J1809-4552   97.5        1.0193  0.0036  +0.0220  0.0042  +0.0041  0.0019  -0.0042  0.0008    2.2009  0.4085    +5.3021  2.6363 
uid://A002/X13e0d4e/X151d2 CM J1837-7108   97.5        0.7227  0.0015  +0.0161  0.0040  -0.0229  0.0014  -0.0059  0.0013    3.8728  0.3566   -27.4981  3.4715 
uid://A002/X13e0d4e/X151d2 CM J1851+0035   97.5        0.2882  0.0019  +0.0153  0.0015  -0.0097  0.0006  -0.0014  0.0005    6.2680  0.4504   -16.1564  1.5090 
uid://A002/X13e0d4e/X151d2 CM J1924-2914   97.5        3.3388  0.0180  -0.0522  0.0085  -0.1307  0.0102  -0.0030  0.0009    4.2157  0.2999   -55.8943  1.7824 
uid://A002/X13e0d4e/X151d2 CM J2000-1748   97.5        1.4702  0.0055  +0.0277  0.0031  -0.0196  0.0053  -0.0090  0.0005    2.3094  0.2719   -17.6595  3.9756 
uid://A002/X13e0d4e/X151d2 CM J2101+0341   97.5        0.8986  0.0029  -0.0292  0.0014  -0.0071  0.0042  +0.0038  0.0014    3.3396  0.1873   -83.1518  3.8795 
uid://A002/X13e0d4e/X151d2 CM J2148+0657   97.5        1.5928  0.0037  -0.0339  0.0010  +0.0160  0.0061  +0.0032  0.0012    2.3524  0.1738   +77.3769  4.2458 
uid://A002/X13e0d4e/X151d2 DA J1512-0905   97.5        0.7436  0.0018  +0.0501  0.0077  +0.0169  0.0034  -0.0006  0.0007    7.1113  0.9919    +9.2965  2.1849 
uid://A002/X13e0d4e/X151d2 DA J1517-2422   97.5        1.6622  0.0038  +0.0510  0.0166  +0.0010  0.0005  +0.0002  0.0002    3.0663  0.9964    +0.5408  0.3464 
uid://A002/X13e0d4e/X151d2 DA J1700-2610   97.5        0.5321  0.0016  +0.0277  0.0054  -0.0266  0.0024  -0.0008  0.0004    7.2116  0.7905   -21.8910  3.0504 
uid://A002/X13e0d4e/X151d2 DA J1723-7713   97.5        0.2767  0.0007  -0.0038  0.0030  -0.0069  0.0016  +0.0002  0.0003    2.8440  0.7235   -59.2482  9.9792 
uid://A002/X13e0d4e/X151d2 DA J1733-1304   97.5        1.4126  0.0043  +0.0585  0.0124  +0.0181  0.0105  +0.0002  0.0003    4.3371  0.8647    +8.6017  4.9902 
uid://A002/X13e0d4e/X151d2 DA J1751+0939   97.5        3.8868  0.0069  +0.0409  0.0170  -0.0137  0.0392  +0.0021  0.0005    1.1094  0.5232    -9.2478  24.9590 
uid://A002/X13e0d4e/X151d2 DA J1809-4552   97.5        1.1125  0.0022  -0.0232  0.0109  -0.0027  0.0049  -0.0017  0.0004    2.1018  0.9763   -86.6914  6.1781 
uid://A002/X13e0d4e/X151d2 DA J1837-7108   97.5        0.7937  0.0019  -0.0015  0.0084  +0.0252  0.0022  -0.0003  0.0003    3.1784  0.2885   +46.7310  9.5187 
uid://A002/X13e0d4e/X151d2 DA J1851+0035   97.5        0.3087  0.0010  +0.0095  0.0034  +0.0046  0.0013  -0.0002  0.0004    3.4051  1.0173   +12.9086  5.1311 
uid://A002/X13e0d4e/X151d2 DA J1924-2914   97.5        3.6577  0.0158  -0.0408  0.0253  +0.0343  0.0287  +0.0025  0.0006    1.4555  0.7321   +69.9768  14.7211 
uid://A002/X13e0d4e/X151d2 DA J2000-1748   97.5        1.6279  0.0046  +0.0349  0.0092  -0.0949  0.0154  +0.0005  0.0005    6.2096  0.9115   -34.9009  2.8687 
uid://A002/X13e0d4e/X151d2 DA J2101+0341   97.5        0.9955  0.0018  +0.0149  0.0026  -0.0604  0.0100  -0.0009  0.0005    6.2515  0.9816   -38.0717  1.6010 
uid://A002/X13e0d4e/X151d2 DA J2148+0657   97.5        1.7710  0.0036  +0.0376  0.0010  -0.0499  0.0187  +0.0003  0.0003    3.5265  0.8431   -26.4958  5.1709 
uid://A002/X13e0d4e/X151d2 DV J1512-0905   97.5        0.7394  0.0006  +0.0361  0.0033  +0.0179  0.0014  -0.0000  0.0002    5.4482  0.4134   +13.1934  1.3747 
uid://A002/X13e0d4e/X151d2 DV J1517-2422   97.5        1.6453  0.0010  +0.0336  0.0087  -0.0051  0.0005  -0.0018  0.0004    2.0653  0.5249    -4.3486  1.1803 
uid://A002/X13e0d4e/X151d2 DV J1700-2610   97.5        0.5237  0.0010  +0.0301  0.0025  -0.0003  0.0012  -0.0002  0.0003    5.7537  0.4686    -0.2845  1.1342 
uid://A002/X13e0d4e/X151d2 DV J1723-7713   97.5        0.2740  0.0005  -0.0047  0.0014  +0.0033  0.0008  +0.0001  0.0003    2.0835  0.4506   +72.5413  5.2604 
uid://A002/X13e0d4e/X151d2 DV J1733-1304   97.5        1.3852  0.0030  +0.0101  0.0057  +0.0401  0.0051  -0.0007  0.0003    2.9874  0.3739   +37.9429  3.9469 
uid://A002/X13e0d4e/X151d2 DV J1751+0939   97.5        3.8229  0.0035  +0.0085  0.0068  -0.0831  0.0195  -0.0009  0.0009    2.1848  0.5071   -42.0861  2.4026 
uid://A002/X13e0d4e/X151d2 DV J1809-4552   97.5        1.0959  0.0025  -0.0036  0.0055  -0.0064  0.0022  +0.0004  0.0002    0.6677  0.3045   -59.8044  19.1555 
uid://A002/X13e0d4e/X151d2 DV J1837-7108   97.5        0.7828  0.0014  -0.0026  0.0042  -0.0209  0.0010  -0.0008  0.0003    2.6926  0.1493   -48.6106  5.6741 
uid://A002/X13e0d4e/X151d2 DV J1851+0035   97.5        0.3039  0.0008  +0.0089  0.0017  -0.0083  0.0007  -0.0005  0.0002    4.0075  0.4311   -21.5750  2.9468 
uid://A002/X13e0d4e/X151d2 DV J1924-2914   97.5        3.5917  0.0157  +0.0170  0.0127  -0.0764  0.0146  -0.0007  0.0006    2.1791  0.4053   -38.7236  4.7006 
uid://A002/X13e0d4e/X151d2 DV J2000-1748   97.5        1.5944  0.0037  +0.0492  0.0039  -0.0618  0.0074  -0.0011  0.0005    4.9539  0.3926   -25.7308  2.0023 
uid://A002/X13e0d4e/X151d2 DV J2101+0341   97.5        0.9792  0.0008  -0.0390  0.0013  -0.0324  0.0049  +0.0019  0.0003    5.1786  0.3380   -70.1215  2.1896 
uid://A002/X13e0d4e/X151d2 DV J2148+0657   97.5        1.7584  0.0011  -0.0445  0.0007  -0.0255  0.0095  -0.0002  0.0003    2.9136  0.2705   -75.1046  4.6091 
uid://A002/X13e0d4e/X15105 Full J1424-4913   97.5        0.9563  0.0013  -0.0926  0.0013  +0.0210  0.0008  -0.0002  0.0002    9.9265  0.1395   +83.6043  0.2493 
uid://A002/X13e0d4e/X15105 Full J1512-0905   97.5        0.7248  0.0019  +0.0401  0.0012  +0.0212  0.0004  -0.0004  0.0002    6.2636  0.1495   +13.9281  0.4292 
uid://A002/X13e0d4e/X15105 Full J1517-2422   97.5        1.6150  0.0041  +0.0441  0.0028  -0.0045  0.0002  -0.0015  0.0001    2.7476  0.1698    -2.8950  0.2209 
uid://A002/X13e0d4e/X15105 Full J1617-7717   97.5        1.1075  0.0014  -0.0214  0.0011  -0.0085  0.0016  -0.0007  0.0002    2.0838  0.1073   -79.1574  1.9296 
uid://A002/X13e0d4e/X15105 Full J1700-2610   97.5        0.5149  0.0018  +0.0331  0.0009  -0.0019  0.0005  -0.0001  0.0002    6.4455  0.1797    -1.6628  0.4183 
uid://A002/X13e0d4e/X15105 Full J1733-1304   97.5        1.3736  0.0049  +0.0121  0.0017  +0.0502  0.0022  -0.0007  0.0002    3.7580  0.1597   +38.2167  0.9549 
uid://A002/X13e0d4e/X15105 Full J1743-0350   97.5        2.4201  0.0099  -0.0048  0.0011  +0.0695  0.0043  -0.0004  0.0003    2.8801  0.1781   +46.9939  0.4552 
uid://A002/X13e0d4e/X15105 Full J1751+0939   97.5        3.7668  0.0106  -0.0155  0.0034  -0.0707  0.0050  -0.0024  0.0005    1.9204  0.1309   -51.1846  1.3804 
uid://A002/X13e0d4e/X15105 Full J1809-4552   97.5        1.0870  0.0037  -0.0124  0.0019  -0.0062  0.0006  -0.0004  0.0002    1.2785  0.1588   -76.8011  2.0559 
uid://A002/X13e0d4e/X15105 Full J1837-7108   97.5        0.7686  0.0018  -0.0077  0.0013  -0.0185  0.0006  -0.0008  0.0002    2.6095  0.0949   -56.2687  1.7915 
uid://A002/X13e0d4e/X15105 Full J1924-2914   97.5        3.5214  0.0103  +0.0353  0.0050  -0.0617  0.0033  -0.0016  0.0003    2.0193  0.1080   -30.1195  1.8703 
uid://A002/X13e0d4e/X15105 Full J1957-3845   97.5        1.6288  0.0044  +0.0027  0.0018  +0.0554  0.0023  -0.0049  0.0002    3.4050  0.1427   +43.6234  0.9312 
uid://A002/X13e0d4e/X15105 Full J2148+0657   97.5        1.7247  0.0028  -0.0400  0.0004  -0.0387  0.0028  -0.0006  0.0002    3.2275  0.1137   -67.9618  1.0395 
uid://A002/X13e0d4e/X15105 CM J1424-4913   97.5        0.9008  0.0019  -0.0929  0.0036  +0.0260  0.0022  -0.0018  0.0017   10.7099  0.3876   +82.1754  0.6944 
uid://A002/X13e0d4e/X15105 CM J1512-0905   97.5        0.6822  0.0024  +0.0292  0.0032  +0.0152  0.0016  -0.0013  0.0019    4.8281  0.4255   +13.7788  1.7862 
uid://A002/X13e0d4e/X15105 CM J1517-2422   97.5        1.5147  0.0043  +0.0233  0.0074  -0.0025  0.0009  -0.0080  0.0019    1.5446  0.4847    -3.1080  1.5069 
uid://A002/X13e0d4e/X15105 CM J1617-7717   97.5        1.0494  0.0018  -0.0101  0.0030  +0.0009  0.0040  -0.0015  0.0011    0.9653  0.2840   +87.3546  11.2570 
uid://A002/X13e0d4e/X15105 CM J1700-2610   97.5        0.4852  0.0016  +0.0221  0.0026  +0.0010  0.0016  +0.0004  0.0012    4.5681  0.5270    +1.3229  2.1099 
uid://A002/X13e0d4e/X15105 CM J1733-1304   97.5        1.3037  0.0045  +0.0003  0.0031  +0.0331  0.0050  -0.0029  0.0012    2.5380  0.3812   +44.7010  2.6693 
uid://A002/X13e0d4e/X15105 CM J1743-0350   97.5        2.3036  0.0084  -0.0024  0.0016  +0.0337  0.0111  -0.0046  0.0012    1.4653  0.4790   +47.0500  1.5141 
uid://A002/X13e0d4e/X15105 CM J1751+0939   97.5        3.5760  0.0087  +0.0126  0.0099  -0.1115  0.0127  -0.0076  0.0009    3.1368  0.3536   -41.7660  2.5404 
uid://A002/X13e0d4e/X15105 CM J1809-4552   97.5        1.0362  0.0034  +0.0067  0.0043  -0.0064  0.0016  -0.0025  0.0022    0.8928  0.3195   -21.6942  9.8182 
uid://A002/X13e0d4e/X15105 CM J1837-7108   97.5        0.7278  0.0024  +0.0013  0.0037  -0.0266  0.0016  -0.0031  0.0018    3.6643  0.2208   -43.5514  3.9285 
uid://A002/X13e0d4e/X15105 CM J1924-2914   97.5        3.3602  0.0090  -0.0151  0.0125  -0.0837  0.0085  -0.0034  0.0017    2.5313  0.2566   -50.0989  4.1758 
uid://A002/X13e0d4e/X15105 CM J1957-3845   97.5        1.5507  0.0046  -0.0145  0.0039  +0.0301  0.0052  -0.0047  0.0016    2.1556  0.3194   +57.8245  3.5973 
uid://A002/X13e0d4e/X15105 CM J2148+0657   97.5        1.6050  0.0034  -0.0372  0.0027  -0.0161  0.0077  +0.0005  0.0023    2.5235  0.2455   -78.3178  5.0558 
uid://A002/X13e0d4e/X15105 DA J1424-4913   97.5        0.9749  0.0028  -0.0749  0.0038  +0.0097  0.0019  +0.0010  0.0002    7.7442  0.3917   +86.3052  0.7559 
uid://A002/X13e0d4e/X15105 DA J1512-0905   97.5        0.7394  0.0019  +0.0573  0.0025  +0.0304  0.0011  -0.0001  0.0004    8.7696  0.3077   +13.9685  0.6765 
uid://A002/X13e0d4e/X15105 DA J1517-2422   97.5        1.6537  0.0032  +0.0862  0.0069  -0.0044  0.0006  +0.0004  0.0003    5.2202  0.4155    -1.4480  0.2315 
uid://A002/X13e0d4e/X15105 DA J1617-7717   97.5        1.1267  0.0026  -0.0354  0.0023  -0.0337  0.0041  -0.0005  0.0004    4.3371  0.2901   -68.1791  1.9612 
uid://A002/X13e0d4e/X15105 DA J1700-2610   97.5        0.5274  0.0012  +0.0473  0.0019  -0.0073  0.0011  +0.0003  0.0005    9.0668  0.3635    -4.4142  0.6632 
uid://A002/X13e0d4e/X15105 DA J1733-1304   97.5        1.4069  0.0026  +0.0326  0.0036  +0.0812  0.0045  +0.0005  0.0005    6.2181  0.3087   +34.0470  1.2173 
uid://A002/X13e0d4e/X15105 DA J1743-0350   97.5        2.4818  0.0054  -0.0153  0.0025  +0.1338  0.0102  +0.0009  0.0005    5.4243  0.4080   +48.2531  0.5869 
uid://A002/X13e0d4e/X15105 DA J1751+0939   97.5        3.8588  0.0056  -0.0715  0.0083  +0.0074  0.0123  -0.0004  0.0006    1.8626  0.2156   +87.0458  4.9033 
uid://A002/X13e0d4e/X15105 DA J1809-4552   97.5        1.1077  0.0023  -0.0407  0.0048  -0.0120  0.0017  +0.0003  0.0005    3.8339  0.4190   -81.8202  1.4150 
uid://A002/X13e0d4e/X15105 DA J1837-7108   97.5        0.7855  0.0014  -0.0260  0.0029  -0.0123  0.0013  -0.0006  0.0005    3.6557  0.3402   -77.3656  1.6942 
uid://A002/X13e0d4e/X15105 DA J1924-2914   97.5        3.6165  0.0122  +0.1106  0.0121  -0.0145  0.0079  -0.0012  0.0006    3.0850  0.3322    -3.7422  2.0572 
uid://A002/X13e0d4e/X15105 DA J1957-3845   97.5        1.6713  0.0023  +0.0264  0.0043  +0.0917  0.0060  -0.0035  0.0003    5.7083  0.3534   +36.9599  1.3418 
uid://A002/X13e0d4e/X15105 DA J2148+0657   97.5        1.7580  0.0033  -0.0386  0.0008  -0.0842  0.0066  -0.0002  0.0002    5.2680  0.3398   -57.3286  0.8732 
uid://A002/X13e0d4e/X15105 DV J1424-4913   97.5        1.0039  0.0032  -0.1054  0.0030  +0.0244  0.0016  +0.0005  0.0004   10.7800  0.2942   +83.4744  0.4562 
uid://A002/X13e0d4e/X15105 DV J1512-0905   97.5        0.7379  0.0018  +0.0357  0.0020  +0.0188  0.0006  -0.0005  0.0005    5.4658  0.2477   +13.8665  0.7861 
uid://A002/X13e0d4e/X15105 DV J1517-2422   97.5        1.6393  0.0051  +0.0325  0.0049  -0.0067  0.0005  -0.0013  0.0005    2.0257  0.2912    -5.8098  0.9608 
uid://A002/X13e0d4e/X15105 DV J1617-7717   97.5        1.1285  0.0035  -0.0182  0.0020  +0.0007  0.0028  -0.0007  0.0005    1.6103  0.1745   +88.8963  4.3696 
uid://A002/X13e0d4e/X15105 DV J1700-2610   97.5        0.5215  0.0017  +0.0292  0.0015  -0.0009  0.0009  -0.0004  0.0002    5.6008  0.2810    -0.9172  0.8391 
uid://A002/X13e0d4e/X15105 DV J1733-1304   97.5        1.3891  0.0046  +0.0081  0.0029  +0.0410  0.0034  -0.0005  0.0006    3.0116  0.2410   +39.4222  1.9687 
uid://A002/X13e0d4e/X15105 DV J1743-0350   97.5        2.4471  0.0098  +0.0015  0.0008  +0.0535  0.0071  -0.0000  0.0007    2.1855  0.2904   +44.1929  0.4326 
uid://A002/X13e0d4e/X15105 DV J1751+0939   97.5        3.8109  0.0122  +0.0052  0.0060  -0.0895  0.0097  -0.0012  0.0011    2.3524  0.2556   -43.3320  1.9381 
uid://A002/X13e0d4e/X15105 DV J1809-4552   97.5        1.0963  0.0028  -0.0053  0.0031  -0.0026  0.0005  -0.0002  0.0004    0.5403  0.2567   -76.8703  7.0202 
uid://A002/X13e0d4e/X15105 DV J1837-7108   97.5        0.7799  0.0026  -0.0019  0.0023  -0.0196  0.0009  -0.0002  0.0002    2.5190  0.1175   -47.7673  3.3077 
uid://A002/X13e0d4e/X15105 DV J1924-2914   97.5        3.5693  0.0129  +0.0184  0.0088  -0.0831  0.0055  +0.0000  0.0010    2.3844  0.1591   -38.7513  2.9090 
uid://A002/X13e0d4e/X15105 DV J1957-3845   97.5        1.6513  0.0048  -0.0014  0.0030  +0.0431  0.0036  -0.0056  0.0004    2.6093  0.2203   +45.9026  2.0135 
uid://A002/X13e0d4e/X15105 DV J2148+0657   97.5        1.7647  0.0057  -0.0443  0.0003  -0.0229  0.0054  -0.0017  0.0007    2.8281  0.1425   -76.3284  2.7729 
uid://A002/X13e3595/X287 Full J0106-4034   97.5        1.4471  0.0016  +0.0183  0.0037  +0.0938  0.0009  -0.0059  0.0006    6.6063  0.0811   +39.4930  1.0984 
uid://A002/X13e3595/X287 Full J1700-2610   97.5        0.5636  0.0013  +0.0345  0.0015  +0.0039  0.0003  -0.0003  0.0002    6.1617  0.2734    +3.2390  0.2725 
uid://A002/X13e3595/X287 Full J1733-1304   97.5        1.5012  0.0016  +0.0169  0.0038  +0.0424  0.0014  -0.0022  0.0003    3.0391  0.1283   +34.1209  2.2675 
uid://A002/X13e3595/X287 Full J1809-4552   97.5        1.1788  0.0008  +0.0182  0.0022  -0.0107  0.0024  -0.0011  0.0003    1.7902  0.1922   -15.2723  3.2031 
uid://A002/X13e3595/X287 Full J1851+0035   97.5        0.3306  0.0004  +0.0158  0.0006  -0.0065  0.0009  +0.0007  0.0002    5.1662  0.1864   -11.2700  1.3730 
uid://A002/X13e3595/X287 Full J1924-2914   97.5        3.8083  0.0067  +0.0291  0.0087  -0.1218  0.0058  -0.0001  0.0003    3.2881  0.1565   -38.2890  1.9502 
uid://A002/X13e3595/X287 Full J2000-1748   97.5        1.6806  0.0019  +0.0604  0.0041  -0.0423  0.0016  -0.0001  0.0004    4.3874  0.2078   -17.5092  1.0502 
uid://A002/X13e3595/X287 Full J2056-4714   97.5        0.3533  0.0006  -0.0048  0.0009  -0.0004  0.0003  -0.0015  0.0002    1.3487  0.2524   -87.8675  1.5870 
uid://A002/X13e3595/X287 Full J2136+0041   97.5        2.2740  0.0035  -0.0328  0.0062  -0.0421  0.0011  +0.0002  0.0004    2.3441  0.1726   -63.9597  2.6637 
uid://A002/X13e3595/X287 Full J2147-7536   97.5        0.1356  0.0011  -0.0056  0.0004  +0.0022  0.0002  -0.0002  0.0001    4.4625  0.3001   +79.4281  1.2678 
uid://A002/X13e3595/X287 Full J2232+1143   97.5        4.0036  0.0018  -0.0269  0.0088  +0.0280  0.0065  -0.0072  0.0002    0.9707  0.1917   +66.9396  5.7235 
uid://A002/X13e3595/X287 Full J2258-2758   97.5        1.3057  0.0021  +0.0559  0.0034  -0.0080  0.0004  -0.0015  0.0001    4.3224  0.2567    -4.0941  0.3052 
uid://A002/X13e3595/X287 Full J2315-5018   97.5        0.7928  0.0011  +0.0072  0.0010  +0.0107  0.0018  -0.0001  0.0001    1.6276  0.2023   +28.1141  2.9290 
uid://A002/X13e3595/X287 Full J2348-1631   97.5        3.7238  0.0019  +0.1805  0.0063  -0.0877  0.0078  +0.0012  0.0007    5.3878  0.1766   -12.9564  1.0742 
uid://A002/X13e3595/X287 CM J0106-4034   97.5        1.4331  0.0020  +0.0132  0.0035  +0.0940  0.0017  -0.0149  0.0017    6.6219  0.1229   +40.9885  1.0373 
uid://A002/X13e3595/X287 CM J1700-2610   97.5        0.5343  0.0011  +0.0299  0.0020  +0.0012  0.0012  -0.0026  0.0017    5.5937  0.3677    +1.1730  1.1328 
uid://A002/X13e3595/X287 CM J1733-1304   97.5        1.4687  0.0014  +0.0079  0.0040  +0.0384  0.0016  -0.0062  0.0012    2.6691  0.1195   +39.1996  2.8454 
uid://A002/X13e3595/X287 CM J1809-4552   97.5        1.1669  0.0025  +0.0124  0.0026  -0.0039  0.0035  -0.0045  0.0016    1.1143  0.2292    -8.7067  7.4750 
uid://A002/X13e3595/X287 CM J1851+0035   97.5        0.3296  0.0014  +0.0141  0.0011  -0.0084  0.0026  +0.0036  0.0010    4.9849  0.4947   -15.3538  4.0312 
uid://A002/X13e3595/X287 CM J1924-2914   97.5        3.7800  0.0127  +0.0094  0.0094  -0.1061  0.0061  -0.0000  0.0006    2.8192  0.1638   -42.4677  2.5160 
uid://A002/X13e3595/X287 CM J2000-1748   97.5        1.6744  0.0040  +0.0505  0.0046  -0.0439  0.0016  +0.0001  0.0011    3.9959  0.2185   -20.4954  1.4028 
uid://A002/X13e3595/X287 CM J2056-4714   97.5        0.3520  0.0021  -0.0006  0.0010  +0.0003  0.0008  -0.0027  0.0020    0.1788  0.2859   +76.9500  39.0929 
uid://A002/X13e3595/X287 CM J2136+0041   97.5        2.2587  0.0067  -0.0180  0.0071  -0.0399  0.0020  -0.0052  0.0007    1.9374  0.1523   -57.1711  4.2577 
uid://A002/X13e3595/X287 CM J2147-7536   97.5        0.1319  0.0013  -0.0037  0.0021  +0.0028  0.0014  -0.0032  0.0011    3.5314  1.4294   +71.3769  10.4956 
uid://A002/X13e3595/X287 CM J2232+1143   97.5        3.9884  0.0059  -0.0106  0.0098  +0.0434  0.0083  -0.0136  0.0012    1.1209  0.2093   +51.8797  6.2197 
uid://A002/X13e3595/X287 CM J2258-2758   97.5        1.3037  0.0034  +0.0475  0.0029  -0.0056  0.0014  -0.0039  0.0005    3.6668  0.2232    -3.3360  0.8539 
uid://A002/X13e3595/X287 CM J2315-5018   97.5        0.7899  0.0028  +0.0048  0.0013  +0.0090  0.0027  -0.0035  0.0007    1.2880  0.3131   +30.8659  4.8833 
uid://A002/X13e3595/X287 CM J2348-1631   97.5        3.7092  0.0066  +0.1647  0.0066  -0.0694  0.0091  -0.0121  0.0016    4.8190  0.1905   -11.4269  1.4084 
uid://A002/X13e3595/X287 DA J0106-4034   97.5        1.4561  0.0072  +0.0286  0.0078  +0.0928  0.0020  -0.0017  0.0006    6.6691  0.2090   +36.4409  2.1950 
uid://A002/X13e3595/X287 DA J1700-2610   97.5        0.5709  0.0020  +0.0418  0.0035  +0.0054  0.0004  +0.0009  0.0003    7.3755  0.6079    +3.7105  0.4301 
uid://A002/X13e3595/X287 DA J1733-1304   97.5        1.5118  0.0073  +0.0324  0.0087  +0.0506  0.0032  +0.0005  0.0005    3.9757  0.3580   +28.6894  3.5824 
uid://A002/X13e3595/X287 DA J1809-4552   97.5        1.1864  0.0065  +0.0279  0.0049  -0.0213  0.0056  +0.0003  0.0004    2.9580  0.4357   -18.6975  4.3793 
uid://A002/X13e3595/X287 DA J1851+0035   97.5        0.3274  0.0017  +0.0179  0.0015  -0.0030  0.0015  +0.0006  0.0004    5.5499  0.4470    -4.7554  2.2989 
uid://A002/X13e3595/X287 DA J1924-2914   97.5        3.8385  0.0266  +0.0686  0.0191  -0.1450  0.0142  +0.0004  0.0006    4.1784  0.3967   -32.3427  3.2658 
uid://A002/X13e3595/X287 DA J2000-1748   97.5        1.6973  0.0112  +0.0822  0.0098  -0.0327  0.0033  -0.0008  0.0001    5.2134  0.5430   -10.8314  1.5273 
uid://A002/X13e3595/X287 DA J2056-4714   97.5        0.3508  0.0024  -0.0086  0.0020  -0.0009  0.0004  -0.0005  0.0005    2.4733  0.5603   -87.1350  1.5966 
uid://A002/X13e3595/X287 DA J2136+0041   97.5        2.2935  0.0159  -0.0620  0.0146  -0.0467  0.0022  +0.0040  0.0004    3.3845  0.5131   -71.5278  3.3078 
uid://A002/X13e3595/X287 DA J2147-7536   97.5        0.1314  0.0009  -0.0072  0.0010  +0.0027  0.0005  -0.0001  0.0005    5.8361  0.7476   +79.6448  2.1614 
uid://A002/X13e3595/X287 DA J2232+1143   97.5        4.0444  0.0223  -0.0653  0.0203  -0.0026  0.0139  -0.0048  0.0004    1.6160  0.5013   -88.8485  6.1041 
uid://A002/X13e3595/X287 DA J2258-2758   97.5        1.3188  0.0096  +0.0715  0.0082  -0.0082  0.0013  -0.0001  0.0004    5.4544  0.6208    -3.2773  0.6445 
uid://A002/X13e3595/X287 DA J2315-5018   97.5        0.7995  0.0050  +0.0109  0.0026  +0.0200  0.0041  +0.0008  0.0002    2.8514  0.4772   +30.7019  3.7720 
uid://A002/X13e3595/X287 DA J2348-1631   97.5        3.7527  0.0225  +0.2099  0.0146  -0.1223  0.0189  +0.0088  0.0006    6.4744  0.4222   -15.1094  2.1094 
uid://A002/X13e3595/X287 DV J0106-4034   97.5        1.4663  0.0053  +0.0151  0.0005  +0.0934  0.0003  -0.0037  0.0010    6.4552  0.0311   +40.4110  0.1453 
uid://A002/X13e3595/X287 DV J1700-2610   97.5        0.5768  0.0022  +0.0335  0.0006  +0.0020  0.0003  +0.0001  0.0002    5.8126  0.1060    +1.7514  0.2209 
uid://A002/X13e3595/X287 DV J1733-1304   97.5        1.5230  0.0050  +0.0130  0.0004  +0.0395  0.0005  -0.0015  0.0005    2.7272  0.0309   +35.9124  0.2852 
uid://A002/X13e3595/X287 DV J1809-4552   97.5        1.1874  0.0034  +0.0148  0.0007  -0.0087  0.0003  -0.0006  0.0001    1.4457  0.0544   -15.2695  0.7863 
uid://A002/X13e3595/X287 DV J1851+0035   97.5        0.3287  0.0012  +0.0158  0.0002  -0.0076  0.0006  +0.0001  0.0003    5.3432  0.1026   -12.8960  0.8725 
uid://A002/X13e3595/X287 DV J1924-2914   97.5        3.8349  0.0122  +0.0174  0.0015  -0.1217  0.0014  -0.0003  0.0005    3.2048  0.0389   -40.9420  0.3504 
uid://A002/X13e3595/X287 DV J2000-1748   97.5        1.6883  0.0048  +0.0574  0.0010  -0.0469  0.0003  +0.0004  0.0004    4.3892  0.0506   -19.6249  0.2725 
uid://A002/X13e3595/X287 DV J2056-4714   97.5        0.3510  0.0005  -0.0035  0.0003  +0.0007  0.0003  -0.0018  0.0004    1.0250  0.0929   +84.4649  2.7334 
uid://A002/X13e3595/X287 DV J2136+0041   97.5        2.2903  0.0066  -0.0266  0.0012  -0.0382  0.0008  +0.0001  0.0009    2.0328  0.0403   -62.4026  0.6516 
uid://A002/X13e3595/X287 DV J2147-7536   97.5        0.1319  0.0007  -0.0045  0.0004  +0.0021  0.0003  +0.0002  0.0001    3.7815  0.2806   +77.5698  2.0313 
uid://A002/X13e3595/X287 DV J2232+1143   97.5        4.0282  0.0136  -0.0213  0.0017  +0.0383  0.0012  -0.0055  0.0006    1.0881  0.0336   +59.5252  1.0315 
uid://A002/X13e3595/X287 DV J2258-2758   97.5        1.3134  0.0035  +0.0520  0.0010  -0.0096  0.0004  -0.0012  0.0005    4.0274  0.0735    -5.2507  0.2197 
uid://A002/X13e3595/X287 DV J2315-5018   97.5        0.7975  0.0025  +0.0073  0.0005  +0.0082  0.0005  +0.0007  0.0003    1.3724  0.0613   +24.1314  1.2769 
uid://A002/X13e3595/X287 DV J2348-1631   97.5        3.7409  0.0115  +0.1706  0.0012  -0.0825  0.0019  +0.0038  0.0013    5.0665  0.0391   -12.9046  0.2727 
uid://A002/X13e0d4e/X1528f Full J1512-0905   97.5        0.7188  0.0026  +0.0346  0.0026  +0.0192  0.0010  -0.0006  0.0002    5.4984  0.3184   +14.5102  1.0982 
uid://A002/X13e0d4e/X1528f Full J1517-2422   97.5        1.6067  0.0059  +0.0308  0.0058  -0.0027  0.0003  -0.0027  0.0002    1.9221  0.3623    -2.5491  0.5680 
uid://A002/X13e0d4e/X1528f Full J1700-2610   97.5        0.5130  0.0023  +0.0288  0.0019  +0.0011  0.0006  -0.0000  0.0002    5.6153  0.3690    +1.0550  0.6145 
uid://A002/X13e0d4e/X1528f Full J1723-7713   97.5        0.2685  0.0011  -0.0043  0.0008  +0.0029  0.0006  -0.0003  0.0002    1.9244  0.2678   +73.0981  3.7016 
uid://A002/X13e0d4e/X1528f Full J1733-1304   97.5        1.3649  0.0062  +0.0069  0.0042  +0.0387  0.0031  -0.0011  0.0003    2.8811  0.2279   +39.9415  3.0630 
uid://A002/X13e0d4e/X1528f Full J1751+0939   97.5        3.7596  0.0141  +0.0096  0.0029  -0.0835  0.0122  -0.0036  0.0003    2.2355  0.3232   -41.7196  1.1052 
uid://A002/X13e0d4e/X1528f Full J1809-4552   97.5        1.0795  0.0046  -0.0004  0.0030  -0.0090  0.0025  -0.0005  0.0002    0.8342  0.2349   -46.3493  9.4022 
uid://A002/X13e0d4e/X1528f Full J1837-7108   97.5        0.7653  0.0030  -0.0018  0.0029  -0.0226  0.0003  -0.0006  0.0003    2.9642  0.0462   -47.3097  3.6202 
uid://A002/X13e0d4e/X1528f Full J1851+0035   97.5        0.3038  0.0016  +0.0103  0.0008  -0.0089  0.0006  -0.0004  0.0002    4.4851  0.2497   -20.4273  1.5224 
uid://A002/X13e0d4e/X1528f Full J1924-2914   97.5        3.5155  0.0191  -0.0099  0.0044  -0.0684  0.0118  -0.0059  0.0004    1.9655  0.3321   -49.1079  1.9384 
uid://A002/X13e0d4e/X1528f Full J2000-1748   97.5        1.5622  0.0082  +0.0469  0.0024  -0.0557  0.0053  -0.0024  0.0003    4.6647  0.2781   -24.9460  1.5171 
uid://A002/X13e0d4e/X1528f Full J2101+0341   97.5        0.9596  0.0038  -0.0371  0.0014  -0.0294  0.0033  +0.0007  0.0003    4.9327  0.2443   -70.8311  1.6685 
uid://A002/X13e0d4e/X1528f Full J2148+0657   97.5        1.7105  0.0062  -0.0420  0.0007  -0.0225  0.0059  -0.0024  0.0004    2.7840  0.1689   -75.9078  3.1603 
uid://A002/X13e0d4e/X1528f Full J2232+1143   97.5        3.7487  0.0082  +0.0180  0.0004  +0.0212  0.0125  -0.0100  0.0004    0.7410  0.2543   +24.8492  8.3404 
uid://A002/X13e0d4e/X1528f CM J1512-0905   97.5        0.6528  0.0026  +0.0151  0.0015  +0.0071  0.0015  -0.0042  0.0017    2.5521  0.2313   +12.6758  2.6250 
uid://A002/X13e0d4e/X1528f CM J1517-2422   97.5        1.4673  0.0037  -0.0198  0.0065  -0.0023  0.0015  -0.0080  0.0007    1.3609  0.4420   -86.6942  2.4464 
uid://A002/X13e0d4e/X1528f CM J1700-2610   97.5        0.4707  0.0022  +0.0127  0.0018  +0.0053  0.0009  -0.0014  0.0013    2.9141  0.3564   +11.3468  2.3095 
uid://A002/X13e0d4e/X1528f CM J1723-7713   97.5        0.2499  0.0010  +0.0028  0.0011  +0.0081  0.0006  -0.0010  0.0007    3.4247  0.2576   +35.3645  3.6406 
uid://A002/X13e0d4e/X1528f CM J1733-1304   97.5        1.2619  0.0045  -0.0276  0.0050  +0.0111  0.0027  -0.0024  0.0006    2.3589  0.3733   +79.0543  2.9628 
uid://A002/X13e0d4e/X1528f CM J1751+0939   97.5        3.4760  0.0078  +0.0317  0.0041  -0.1901  0.0137  -0.0071  0.0010    5.5453  0.3908   -40.2607  0.6847 
uid://A002/X13e0d4e/X1528f CM J1809-4552   97.5        1.0001  0.0028  +0.0268  0.0027  +0.0098  0.0027  -0.0023  0.0004    2.8504  0.2719   +10.0273  2.7006 
uid://A002/X13e0d4e/X1528f CM J1837-7108   97.5        0.7084  0.0026  +0.0221  0.0024  -0.0204  0.0013  -0.0013  0.0016    4.2487  0.2791   -21.3261  1.7985 
uid://A002/X13e0d4e/X1528f CM J1851+0035   97.5        0.2815  0.0013  +0.0176  0.0017  -0.0129  0.0011  -0.0037  0.0009    7.7716  0.5386   -18.1339  1.7617 
uid://A002/X13e0d4e/X1528f CM J1924-2914   97.5        3.2653  0.0162  -0.0372  0.0066  -0.1649  0.0119  -0.0110  0.0012    5.1776  0.3603   -51.3555  1.1784 
uid://A002/X13e0d4e/X1528f CM J2000-1748   97.5        1.4419  0.0068  +0.0262  0.0031  -0.0097  0.0057  -0.0040  0.0007    1.9357  0.2418   -10.1292  5.6287 
uid://A002/X13e0d4e/X1528f CM J2101+0341   97.5        0.8856  0.0024  -0.0217  0.0021  -0.0032  0.0040  -0.0014  0.0013    2.4767  0.2434   -85.7811  5.1453 
uid://A002/X13e0d4e/X1528f CM J2148+0657   97.5        1.5657  0.0048  -0.0289  0.0009  +0.0287  0.0065  -0.0048  0.0012    2.6006  0.2944   +67.5743  3.2586 
uid://A002/X13e0d4e/X1528f CM J2232+1143   97.5        3.4480  0.0047  +0.0196  0.0025  +0.1209  0.0132  -0.0133  0.0011    3.5523  0.3793   +40.3931  0.7551 
uid://A002/X13e0d4e/X1528f DA J1512-0905   97.5        0.7332  0.0039  +0.0454  0.0071  +0.0260  0.0029  -0.0000  0.0005    7.1401  0.8691   +14.9138  2.3952 
uid://A002/X13e0d4e/X1528f DA J1517-2422   97.5        1.6430  0.0078  +0.0522  0.0163  -0.0009  0.0007  -0.0002  0.0004    3.1786  0.9945    -0.5181  0.4254 
uid://A002/X13e0d4e/X1528f DA J1700-2610   97.5        0.5280  0.0030  +0.0371  0.0053  -0.0003  0.0020  -0.0002  0.0002    7.0231  0.9970    -0.2237  1.5165 
uid://A002/X13e0d4e/X1528f DA J1723-7713   97.5        0.2737  0.0014  -0.0070  0.0021  +0.0002  0.0016  -0.0003  0.0003    2.5688  0.7737   +89.2824  6.6820 
uid://A002/X13e0d4e/X1528f DA J1733-1304   97.5        1.4013  0.0088  +0.0230  0.0110  +0.0549  0.0085  -0.0005  0.0003    4.2460  0.6353   +33.6233  5.1400 
uid://A002/X13e0d4e/X1528f DA J1751+0939   97.5        3.8564  0.0185  -0.0075  0.0093  -0.0342  0.0371  -0.0024  0.0008    0.9074  0.9403   -51.1703  9.8845 
uid://A002/X13e0d4e/X1528f DA J1809-4552   97.5        1.1033  0.0065  -0.0126  0.0082  -0.0209  0.0067  +0.0011  0.0003    2.2073  0.6441   -60.5305  9.2082 
uid://A002/X13e0d4e/X1528f DA J1837-7108   97.5        0.7834  0.0042  -0.0123  0.0077  -0.0236  0.0006  +0.0003  0.0003    3.3989  0.4607   -58.7196  7.3928 
uid://A002/X13e0d4e/X1528f DA J1851+0035   97.5        0.3058  0.0015  +0.0062  0.0025  -0.0075  0.0018  -0.0000  0.0003    3.1743  0.6902   -25.3145  6.6779 
uid://A002/X13e0d4e/X1528f DA J1924-2914   97.5        3.6059  0.0236  -0.0077  0.0108  -0.0312  0.0337  -0.0027  0.0006    0.8909  0.9100   -51.8940  11.7567 
uid://A002/X13e0d4e/X1528f DA J2000-1748   97.5        1.6052  0.0109  +0.0585  0.0069  -0.0746  0.0148  -0.0011  0.0003    5.9043  0.7747   -25.9424  3.2189 
uid://A002/X13e0d4e/X1528f DA J2101+0341   97.5        0.9863  0.0054  -0.0422  0.0036  -0.0422  0.0092  +0.0015  0.0003    6.0442  0.7063   -67.4985  3.3439 
uid://A002/X13e0d4e/X1528f DA J2148+0657   97.5        1.7530  0.0089  -0.0437  0.0022  -0.0458  0.0170  -0.0008  0.0004    3.6121  0.7054   -66.8410  5.3489 
uid://A002/X13e0d4e/X1528f DA J2232+1143   97.5        3.8083  0.0137  +0.0213  0.0009  -0.0294  0.0339  -0.0069  0.0006    0.9536  0.7228   -27.0855  15.6850 
uid://A002/X13e0d4e/X1528f DV J1512-0905   97.5        0.7371  0.0016  +0.0375  0.0031  +0.0190  0.0012  -0.0004  0.0004    5.7062  0.3850   +13.4343  1.1934 
uid://A002/X13e0d4e/X1528f DV J1517-2422   97.5        1.6374  0.0025  +0.0361  0.0067  -0.0056  0.0005  -0.0018  0.0004    2.2329  0.4031    -4.4418  0.8938 
uid://A002/X13e0d4e/X1528f DV J1700-2610   97.5        0.5208  0.0014  +0.0317  0.0022  -0.0008  0.0008  -0.0005  0.0003    6.0880  0.4316    -0.6978  0.6889 
uid://A002/X13e0d4e/X1528f DV J1723-7713   97.5        0.2715  0.0005  -0.0054  0.0011  +0.0027  0.0006  +0.0005  0.0005    2.2136  0.3763   +76.5379  3.5589 
uid://A002/X13e0d4e/X1528f DV J1733-1304   97.5        1.3815  0.0039  +0.0159  0.0047  +0.0427  0.0029  -0.0016  0.0004    3.2988  0.2307   +34.8097  2.8460 
uid://A002/X13e0d4e/X1528f DV J1751+0939   97.5        3.8049  0.0064  +0.0131  0.0026  -0.0729  0.0153  -0.0008  0.0008    1.9453  0.3970   -39.9066  1.4455 
uid://A002/X13e0d4e/X1528f DV J1809-4552   97.5        1.0917  0.0027  -0.0043  0.0034  -0.0108  0.0028  +0.0004  0.0005    1.0607  0.2670   -55.9040  8.3233 
uid://A002/X13e0d4e/X1528f DV J1837-7108   97.5        0.7758  0.0015  -0.0056  0.0032  -0.0212  0.0004  -0.0017  0.0004    2.8249  0.1188   -52.3829  4.0333 
uid://A002/X13e0d4e/X1528f DV J1851+0035   97.5        0.3027  0.0012  +0.0092  0.0011  -0.0073  0.0005  +0.0003  0.0004    3.8691  0.3007   -19.2531  1.9270 
uid://A002/X13e0d4e/X1528f DV J1924-2914   97.5        3.5691  0.0120  +0.0022  0.0060  -0.0537  0.0139  -0.0036  0.0011    1.5059  0.3904   -43.8436  3.2183 
uid://A002/X13e0d4e/X1528f DV J2000-1748   97.5        1.5838  0.0053  +0.0489  0.0024  -0.0680  0.0061  -0.0017  0.0004    5.2878  0.3264   -27.1194  1.3966 
uid://A002/X13e0d4e/X1528f DV J2101+0341   97.5        0.9740  0.0022  -0.0407  0.0015  -0.0344  0.0037  +0.0020  0.0002    5.4706  0.2730   -69.8997  1.6087 
uid://A002/X13e0d4e/X1528f DV J2148+0657   97.5        1.7441  0.0032  -0.0468  0.0010  -0.0306  0.0075  -0.0003  0.0002    3.2057  0.2395   -73.3791  3.2119 
uid://A002/X13e0d4e/X1528f DV J2232+1143   97.5        3.8512  0.0080  +0.0136  0.0006  +0.0157  0.0165  -0.0114  0.0010    0.5391  0.3247   +24.6010  14.8977 
uid://A002/X13e3595/X206 Full J0106-4034   97.5        1.4750  0.0032  +0.0234  0.0025  +0.0924  0.0007  -0.0069  0.0003    6.4591  0.0654   +37.8917  0.7407 
uid://A002/X13e3595/X206 Full J1700-2610   97.5        0.5693  0.0020  +0.0365  0.0011  +0.0039  0.0002  -0.0005  0.0001    6.4447  0.1961    +3.0280  0.1763 
uid://A002/X13e3595/X206 Full J1733-1304   97.5        1.5206  0.0054  +0.0218  0.0026  +0.0451  0.0010  -0.0028  0.0004    3.2956  0.0978   +32.1260  1.3874 
uid://A002/X13e3595/X206 Full J1809-4552   97.5        1.1974  0.0045  +0.0196  0.0015  -0.0166  0.0021  -0.0012  0.0002    2.1444  0.1471   -20.1403  2.0685 
uid://A002/X13e3595/X206 Full J1851+0035   97.5        0.3342  0.0013  +0.0161  0.0004  -0.0053  0.0004  +0.0009  0.0001    5.0781  0.1171    -9.1641  0.6980 
uid://A002/X13e3595/X206 Full J1924-2914   97.5        3.8706  0.0188  +0.0386  0.0059  -0.1401  0.0056  -0.0008  0.0001    3.7556  0.1460   -37.2923  1.1505 
uid://A002/X13e3595/X206 Full J2000-1748   97.5        1.7049  0.0072  +0.0668  0.0031  -0.0376  0.0014  +0.0008  0.0001    4.4939  0.1632   -14.6798  0.7198 
uid://A002/X13e3595/X206 Full J2015+3710   97.5        3.1215  0.0087  -0.0917  0.0075  +0.0327  0.0067  -0.0002  0.0008    3.1178  0.2389   +80.1708  2.0064 
uid://A002/X13e3595/X206 Full J2056-4714   97.5        0.3582  0.0017  -0.0060  0.0006  +0.0013  0.0004  -0.0017  0.0001    1.7145  0.1613   +84.0682  1.8706 
uid://A002/X13e3595/X206 Full J2136+0041   97.5        2.3110  0.0110  -0.0395  0.0042  -0.0539  0.0023  -0.0003  0.0003    2.8918  0.1357   -63.1119  1.5749 
uid://A002/X13e3595/X206 Full J2147-7536   97.5        0.1362  0.0011  -0.0058  0.0002  +0.0027  0.0003  -0.0000  0.0003    4.7230  0.1584   +77.4231  1.0829 
uid://A002/X13e3595/X206 Full J2232+1143   97.5        4.0684  0.0129  -0.0303  0.0050  +0.0107  0.0054  -0.0076  0.0002    0.7908  0.1240   +80.2558  4.8085 
uid://A002/X13e3595/X206 Full J2258-2758   97.5        1.3244  0.0058  +0.0620  0.0024  -0.0108  0.0007  -0.0019  0.0002    4.7534  0.1822    -4.9234  0.3567 
uid://A002/X13e3595/X206 Full J2315-5018   97.5        0.8057  0.0032  +0.0107  0.0011  +0.0123  0.0011  -0.0001  0.0002    2.0254  0.1347   +24.4566  1.9050 
uid://A002/X13e3595/X206 Full J2348-1631   97.5        3.7890  0.0126  +0.1913  0.0049  -0.1001  0.0055  -0.0001  0.0005    5.6989  0.1350   -13.8125  0.7123 
uid://A002/X13e3595/X206 CM J0106-4034   97.5        1.4552  0.0037  +0.0188  0.0044  +0.0903  0.0015  -0.0197  0.0015    6.3360  0.1201   +39.1030  1.3456 
uid://A002/X13e3595/X206 CM J1700-2610   97.5        0.5422  0.0030  +0.0336  0.0010  +0.0018  0.0014  -0.0022  0.0010    6.1978  0.1946    +1.5412  1.1675 
uid://A002/X13e3595/X206 CM J1733-1304   97.5        1.4962  0.0061  +0.0188  0.0044  +0.0423  0.0015  -0.0081  0.0014    3.0918  0.1518   +32.9899  2.5117 
uid://A002/X13e3595/X206 CM J1809-4552   97.5        1.1851  0.0047  +0.0158  0.0038  -0.0124  0.0042  -0.0020  0.0016    1.6961  0.3336   -19.0662  5.7813 
uid://A002/X13e3595/X206 CM J1851+0035   97.5        0.3329  0.0011  +0.0147  0.0011  -0.0058  0.0012  +0.0005  0.0014    4.7433  0.3262   -10.7484  2.1833 
uid://A002/X13e3595/X206 CM J1924-2914   97.5        3.8419  0.0176  +0.0268  0.0093  -0.1280  0.0083  -0.0009  0.0013    3.4043  0.2187   -39.0834  2.0349 
uid://A002/X13e3595/X206 CM J2000-1748   97.5        1.6984  0.0065  +0.0594  0.0055  -0.0404  0.0030  +0.0027  0.0011    4.2326  0.2847   -17.1060  1.5704 
uid://A002/X13e3595/X206 CM J2015+3710   97.5        3.0943  0.0114  -0.0928  0.0110  +0.0273  0.0075  -0.0155  0.0021    3.1272  0.3479   +81.7997  2.3183 
uid://A002/X13e3595/X206 CM J2056-4714   97.5        0.3570  0.0019  -0.0021  0.0007  +0.0009  0.0011  -0.0031  0.0011    0.6442  0.2278   +78.8573  13.6225 
uid://A002/X13e3595/X206 CM J2136+0041   97.5        2.2971  0.0108  -0.0342  0.0064  -0.0498  0.0040  -0.0063  0.0012    2.6299  0.2150   -62.2645  2.7386 
uid://A002/X13e3595/X206 CM J2147-7536   97.5        0.1324  0.0010  -0.0048  0.0009  +0.0016  0.0023  +0.0002  0.0022    3.8453  0.8567   +80.7713  12.3855 
uid://A002/X13e3595/X206 CM J2232+1143   97.5        4.0552  0.0124  -0.0240  0.0082  +0.0167  0.0076  -0.0147  0.0013    0.7219  0.1969   +72.5751  7.6061 
uid://A002/X13e3595/X206 CM J2258-2758   97.5        1.3176  0.0057  +0.0566  0.0043  -0.0083  0.0013  -0.0076  0.0010    4.3446  0.3259    -4.1850  0.7317 
uid://A002/X13e3595/X206 CM J2315-5018   97.5        0.7980  0.0023  +0.0089  0.0018  +0.0094  0.0023  -0.0025  0.0012    1.6250  0.2556   +23.2849  4.4433 
uid://A002/X13e3595/X206 CM J2348-1631   97.5        3.7623  0.0126  +0.1794  0.0079  -0.0920  0.0098  -0.0148  0.0014    5.3589  0.2216   -13.5669  1.3398 
uid://A002/X13e3595/X206 DA J0106-4034   97.5        1.4950  0.0067  +0.0399  0.0045  +0.0901  0.0016  -0.0034  0.0004    6.5934  0.1581   +33.0656  1.2124 
uid://A002/X13e3595/X206 DA J1700-2610   97.5        0.5805  0.0031  +0.0450  0.0026  +0.0046  0.0003  +0.0007  0.0004    7.7850  0.4470    +2.9389  0.2648 
uid://A002/X13e3595/X206 DA J1733-1304   97.5        1.5432  0.0085  +0.0409  0.0054  +0.0537  0.0022  -0.0010  0.0003    4.3721  0.2421   +26.3571  1.9197 
uid://A002/X13e3595/X206 DA J1809-4552   97.5        1.2157  0.0080  +0.0308  0.0026  -0.0312  0.0041  -0.0003  0.0003    3.6031  0.2844   -22.6954  2.2411 
uid://A002/X13e3595/X206 DA J1851+0035   97.5        0.3339  0.0022  +0.0186  0.0008  -0.0018  0.0011  +0.0010  0.0004    5.5922  0.2314    -2.8116  1.6348 
uid://A002/X13e3595/X206 DA J1924-2914   97.5        3.9303  0.0269  +0.0820  0.0111  -0.1704  0.0106  -0.0010  0.0003    4.8127  0.2736   -32.1465  1.6702 
uid://A002/X13e3595/X206 DA J2000-1748   97.5        1.7336  0.0113  +0.0888  0.0063  -0.0241  0.0030  +0.0003  0.0003    5.3105  0.3538    -7.5929  1.0472 
uid://A002/X13e3595/X206 DA J2015+3710   97.5        3.1510  0.0197  -0.1224  0.0138  +0.0547  0.0122  +0.0048  0.0002    4.2544  0.4297   +77.9504  2.6583 
uid://A002/X13e3595/X206 DA J2056-4714   97.5        0.3592  0.0024  -0.0112  0.0014  +0.0021  0.0007  -0.0010  0.0003    3.1682  0.3949   +84.6700  1.9282 
uid://A002/X13e3595/X206 DA J2136+0041   97.5        2.3487  0.0163  -0.0686  0.0086  -0.0694  0.0037  +0.0036  0.0005    4.1567  0.2827   -67.3312  1.9537 
uid://A002/X13e3595/X206 DA J2147-7536   97.5        0.1353  0.0009  -0.0070  0.0005  +0.0031  0.0005  -0.0000  0.0003    5.6173  0.3775   +78.0664  1.9763 
uid://A002/X13e3595/X206 DA J2232+1143   97.5        4.1372  0.0226  -0.0663  0.0111  -0.0285  0.0105  -0.0050  0.0005    1.7448  0.2654   -78.3690  4.1950 
uid://A002/X13e3595/X206 DA J2258-2758   97.5        1.3486  0.0089  +0.0826  0.0053  -0.0127  0.0011  -0.0012  0.0002    6.1963  0.3875    -4.3846  0.4620 
uid://A002/X13e3595/X206 DA J2315-5018   97.5        0.8201  0.0046  +0.0173  0.0020  +0.0216  0.0023  +0.0005  0.0003    3.3760  0.2708   +25.6176  2.2210 
uid://A002/X13e3595/X206 DA J2348-1631   97.5        3.8563  0.0219  +0.2278  0.0098  -0.1430  0.0126  +0.0067  0.0009    6.9747  0.2794   -16.0571  1.2669 
uid://A002/X13e3595/X206 DV J0106-4034   97.5        1.4926  0.0033  +0.0216  0.0011  +0.0918  0.0007  -0.0064  0.0019    6.3207  0.0493   +38.3794  0.3273 
uid://A002/X13e3595/X206 DV J1700-2610   97.5        0.5798  0.0012  +0.0370  0.0007  +0.0033  0.0002  -0.0001  0.0005    6.4073  0.1193    +2.5645  0.1641 
uid://A002/X13e3595/X206 DV J1733-1304   97.5        1.5347  0.0037  +0.0204  0.0011  +0.0421  0.0005  -0.0021  0.0009    3.0477  0.0434   +32.0563  0.6151 
uid://A002/X13e3595/X206 DV J1809-4552   97.5        1.2002  0.0039  +0.0172  0.0005  -0.0161  0.0007  -0.0003  0.0003    1.9671  0.0513   -21.5473  0.7582 
uid://A002/X13e3595/X206 DV J1851+0035   97.5        0.3301  0.0007  +0.0164  0.0003  -0.0063  0.0004  +0.0013  0.0003    5.3286  0.0962   -10.5784  0.6106 
uid://A002/X13e3595/X206 DV J1924-2914   97.5        3.8843  0.0147  +0.0295  0.0022  -0.1411  0.0024  +0.0010  0.0007    3.7107  0.0635   -39.0872  0.4460 
uid://A002/X13e3595/X206 DV J2000-1748   97.5        1.7095  0.0053  +0.0652  0.0016  -0.0423  0.0006  +0.0019  0.0009    4.5434  0.0810   -16.4808  0.3631 
uid://A002/X13e3595/X206 DV J2015+3710   97.5        3.1590  0.0099  -0.0850  0.0031  +0.0355  0.0036  +0.0021  0.0025    2.9160  0.1002   +78.6544  1.1079 
uid://A002/X13e3595/X206 DV J2056-4714   97.5        0.3544  0.0011  -0.0052  0.0003  +0.0019  0.0004  -0.0014  0.0003    1.5505  0.0939   +79.9989  1.8366 
uid://A002/X13e3595/X206 DV J2136+0041   97.5        2.3188  0.0082  -0.0364  0.0020  -0.0490  0.0014  -0.0006  0.0010    2.6313  0.0709   -63.2918  0.8411 
uid://A002/X13e3595/X206 DV J2147-7536   97.5        0.1333  0.0002  -0.0059  0.0003  +0.0029  0.0003  -0.0008  0.0006    4.8930  0.2408   +77.0012  1.3124 
uid://A002/X13e3595/X206 DV J2232+1143   97.5        4.0899  0.0097  -0.0320  0.0026  +0.0198  0.0019  -0.0059  0.0006    0.9195  0.0596   +74.1285  1.6045 
uid://A002/X13e3595/X206 DV J2258-2758   97.5        1.3266  0.0042  +0.0598  0.0010  -0.0131  0.0005  -0.0012  0.0004    4.6147  0.0770    -6.1910  0.2418 
uid://A002/X13e3595/X206 DV J2315-5018   97.5        0.8066  0.0024  +0.0117  0.0006  +0.0105  0.0003  +0.0003  0.0004    1.9471  0.0614   +20.9658  0.8541 
uid://A002/X13e3595/X206 DV J2348-1631   97.5        3.7949  0.0108  +0.1852  0.0019  -0.0998  0.0024  +0.0017  0.0022    5.5433  0.0557   -14.1612  0.3097 
